[commo.jfonlinecourse.com/index.html]
[backblue.gif]
[fade.gif]
[index.html]
[commo.jfonlinecourse.com/img/logo1.png]
[commo.jfonlinecourse.com/img/apple-touch-icon.png]
[commo.jfonlinecourse.com/lib/bootstrap/css/bootstrap.min.css]
[commo.jfonlinecourse.com/lib/font-awesome/css/font-awesome.min.css]
[commo.jfonlinecourse.com/lib/animate/animate.min.css]
[commo.jfonlinecourse.com/lib/ionicons/css/ionicons.min.css]
[commo.jfonlinecourse.com/lib/owlcarousel/assets/owl.carousel.min.css]
[commo.jfonlinecourse.com/lib/lightbox/css/lightbox.min.css]
[commo.jfonlinecourse.com/css/style.css]
[commo.jfonlinecourse.com/portofolio.html]
[commo.jfonlinecourse.com/services.html]
[commo.jfonlinecourse.com/news.html]
[commo.jfonlinecourse.com/img/bulet.png]
[commo.jfonlinecourse.com/img/chart.png]
[commo.jfonlinecourse.com/img/1.png]
[commo.jfonlinecourse.com/img/2.png]
[commo.jfonlinecourse.com/img/w3.png]
[commo.jfonlinecourse.com/img/w4.png]
[commo.jfonlinecourse.com/img/bullet2.png]
[commo.jfonlinecourse.com/img/slice.png]
[commo.jfonlinecourse.com/img/services/a1.png]
[commo.jfonlinecourse.com/img/services/a2.png]
[commo.jfonlinecourse.com/img/services/a3.png]
[commo.jfonlinecourse.com/img/services/a4.png]
[commo.jfonlinecourse.com/img/services/a5.png]
[commo.jfonlinecourse.com/img/services/a6.png]
[commo.jfonlinecourse.com/img/client/3.png]
[commo.jfonlinecourse.com/img/client/2.png]
[commo.jfonlinecourse.com/img/client/4.png]
[commo.jfonlinecourse.com/img/client/1.png]
[commo.jfonlinecourse.com/img/client/5.png]
[commo.jfonlinecourse.com/img/slice2.png]
[commo.jfonlinecourse.com/img/portfolio/app1.jpg]
[commo.jfonlinecourse.com/img/portfolio/web3.jpg]
[commo.jfonlinecourse.com/img/portfolio/app2.jpg]
[commo.jfonlinecourse.com/img/portfolio/card2.jpg]
[commo.jfonlinecourse.com/img/portfolio/app3.jpg]
[commo.jfonlinecourse.com/img/portfolio/card1.jpg]
[commo.jfonlinecourse.com/img/portfolio/card3.jpg]
[commo.jfonlinecourse.com/img/portfolio/web1.jpg]
[commo.jfonlinecourse.com/lib/jquery/jquery-migrate.min.js]
[commo.jfonlinecourse.com/lib/jquery/jquery.min.js]
[commo.jfonlinecourse.com/lib/easing/easing.min.js]
[commo.jfonlinecourse.com/lib/bootstrap/js/bootstrap.bundle.min.js]
[commo.jfonlinecourse.com/lib/mobile-nav/mobile-nav.js]
[commo.jfonlinecourse.com/lib/waypoints/waypoints.min.js]
[commo.jfonlinecourse.com/lib/wow/wow.min.js]
[commo.jfonlinecourse.com/lib/counterup/counterup.min.js]
[commo.jfonlinecourse.com/lib/owlcarousel/owl.carousel.min.js]
[commo.jfonlinecourse.com/lib/isotope/isotope.pkgd.min.js]
[commo.jfonlinecourse.com/lib/lightbox/js/lightbox.min.js]
[commo.jfonlinecourse.com/contactform/contactform.js]
[commo.jfonlinecourse.com/index.html]
[commo.jfonlinecourse.com/js/main.js]
[fonts.googleapis.com/css9c22.css]
[fonts.googleapis.com/cssaf4c.css]
[commo.jfonlinecourse.com/portofolio.html]
[commo.jfonlinecourse.com/services-post.html]
[commo.jfonlinecourse.com/img/mockup.jpg]
[commo.jfonlinecourse.com/services.html]
[commo.jfonlinecourse.com/img/brosur.jpg]
[commo.jfonlinecourse.com/mews.3b.delayed]
[commo.jfonlinecourse.com/news.html]
[commo.jfonlinecourse.com/services-post.html]
[commo.jfonlinecourse.com/mews.html]
[commo.jfonlinecourse.com/img/team.jpg]
[commo.jfonlinecourse.com/lib/bootstrap/css/bootstrap.min.css]
[commo.jfonlinecourse.com/lib/font-awesome/fonts/fontawesome-webfont3e6e.eot]
[commo.jfonlinecourse.com/lib/font-awesome/fonts/fontawesome-webfontd41d.eot]
[commo.jfonlinecourse.com/lib/font-awesome/fonts/fontawesome-webfont3e6e.woff2]
[commo.jfonlinecourse.com/lib/font-awesome/fonts/fontawesome-webfont3e6e.woff]
[commo.jfonlinecourse.com/lib/font-awesome/fonts/fontawesome-webfont3e6e.ttf]
[commo.jfonlinecourse.com/lib/font-awesome/css/font-awesome.min.css]
[commo.jfonlinecourse.com/lib/font-awesome/fonts/fontawesome-webfont3e6e.svg]
[commo.jfonlinecourse.com/lib/animate/animate.min.css]
[commo.jfonlinecourse.com/lib/ionicons/fonts/ionicons28b5.eot]
[commo.jfonlinecourse.com/lib/ionicons/fonts/ionicons28b5.ttf]
[commo.jfonlinecourse.com/lib/ionicons/fonts/ionicons28b5.woff]
[commo.jfonlinecourse.com/lib/ionicons/fonts/ionicons28b5.svg]
[commo.jfonlinecourse.com/lib/ionicons/css/ionicons.min.css]
[commo.jfonlinecourse.com/lib/owlcarousel/assets/owl.video.play.png]
[commo.jfonlinecourse.com/lib/owlcarousel/assets/owl.carousel.min.css]
[commo.jfonlinecourse.com/lib/lightbox/images/loading.gif]
[commo.jfonlinecourse.com/lib/lightbox/css/lightbox.min.css]
[commo.jfonlinecourse.com/img/yellow.jpg]
[commo.jfonlinecourse.com/img/project.jpg]
[commo.jfonlinecourse.com/img/intro-fnl.jpg]
[commo.jfonlinecourse.com/css/style.css]
[commo.jfonlinecourse.com/contactform/contactform.html]
[commo.jfonlinecourse.com/img/portfolio/web2.jpg]
[commo.jfonlinecourse.com/services-post.html]
[commo.jfonlinecourse.com/mews.html]
[commo.jfonlinecourse.com/lib/font-awesome/fonts/fontawesome-webfont3e6e.svg]
[commo.jfonlinecourse.com/lib/ionicons/fonts/ionicons28b5.svg]
